18:19:28 **** Clean-only build of configuration Debug for project RemoteDevice_L031 ****
make -j4 clean 
rm -rf *
 
18:19:29 **** Build of configuration Debug for project RemoteDevice_L031 ****
make -j4 all 
arm-none-eabi-gcc "../RmDv_Drivers/Src/RmDv_ADT7410.c" -mcpu=cortex-m0plus -std=gnu11 -g3 -DDEBUG -DSTM32L031xx -DUSE_FULL_LL_DRIVER '-DHSE_VALUE=8000000' '-DHSE_STARTUP_TIMEOUT=100' '-DLSE_STARTUP_TIMEOUT=5000' '-DLSE_VALUE=32768' '-DMSI_VALUE=2097000' '-DHSI_VALUE=16000000' '-DLSI_VALUE=37000' '-DVDD_VALUE=3300' '-DPREFETCH_ENABLE=0' '-DINSTRUCTION_CACHE_ENABLE=1' '-DDATA_CACHE_ENABLE=1' -c -I../Core/Inc -I../Drivers/STM32L0xx_HAL_Driver/Inc -I../Drivers/CMSIS/Device/ST/STM32L0xx/Include -I../Drivers/CMSIS/Include -I../RmDv_Drivers/Inc -O0 -ffunction-sections -fdata-sections -Wall -fstack-usage -MMD -MP -MF"RmDv_Drivers/Src/RmDv_ADT7410.d" -MT"RmDv_Drivers/Src/RmDv_ADT7410.o" --specs=nano.specs -mfloat-abi=soft -mthumb -o "RmDv_Drivers/Src/RmDv_ADT7410.o"
arm-none-eabi-gcc "../RmDv_Drivers/Src/RmDv_IO.c" -mcpu=cortex-m0plus -std=gnu11 -g3 -DDEBUG -DSTM32L031xx -DUSE_FULL_LL_DRIVER '-DHSE_VALUE=8000000' '-DHSE_STARTUP_TIMEOUT=100' '-DLSE_STARTUP_TIMEOUT=5000' '-DLSE_VALUE=32768' '-DMSI_VALUE=2097000' '-DHSI_VALUE=16000000' '-DLSI_VALUE=37000' '-DVDD_VALUE=3300' '-DPREFETCH_ENABLE=0' '-DINSTRUCTION_CACHE_ENABLE=1' '-DDATA_CACHE_ENABLE=1' -c -I../Core/Inc -I../Drivers/STM32L0xx_HAL_Driver/Inc -I../Drivers/CMSIS/Device/ST/STM32L0xx/Include -I../Drivers/CMSIS/Include -I../RmDv_Drivers/Inc -O0 -ffunction-sections -fdata-sections -Wall -fstack-usage -MMD -MP -MF"RmDv_Drivers/Src/RmDv_IO.d" -MT"RmDv_Drivers/Src/RmDv_IO.o" --specs=nano.specs -mfloat-abi=soft -mthumb -o "RmDv_Drivers/Src/RmDv_IO.o"
arm-none-eabi-gcc "../RmDv_Drivers/Src/RmDv_Microphone.c" -mcpu=cortex-m0plus -std=gnu11 -g3 -DDEBUG -DSTM32L031xx -DUSE_FULL_LL_DRIVER '-DHSE_VALUE=8000000' '-DHSE_STARTUP_TIMEOUT=100' '-DLSE_STARTUP_TIMEOUT=5000' '-DLSE_VALUE=32768' '-DMSI_VALUE=2097000' '-DHSI_VALUE=16000000' '-DLSI_VALUE=37000' '-DVDD_VALUE=3300' '-DPREFETCH_ENABLE=0' '-DINSTRUCTION_CACHE_ENABLE=1' '-DDATA_CACHE_ENABLE=1' -c -I../Core/Inc -I../Drivers/STM32L0xx_HAL_Driver/Inc -I../Drivers/CMSIS/Device/ST/STM32L0xx/Include -I../Drivers/CMSIS/Include -I../RmDv_Drivers/Inc -O0 -ffunction-sections -fdata-sections -Wall -fstack-usage -MMD -MP -MF"RmDv_Drivers/Src/RmDv_Microphone.d" -MT"RmDv_Drivers/Src/RmDv_Microphone.o" --specs=nano.specs -mfloat-abi=soft -mthumb -o "RmDv_Drivers/Src/RmDv_Microphone.o"
arm-none-eabi-gcc "../RmDv_Drivers/Src/RmDv_RT606FSK.c" -mcpu=cortex-m0plus -std=gnu11 -g3 -DDEBUG -DSTM32L031xx -DUSE_FULL_LL_DRIVER '-DHSE_VALUE=8000000' '-DHSE_STARTUP_TIMEOUT=100' '-DLSE_STARTUP_TIMEOUT=5000' '-DLSE_VALUE=32768' '-DMSI_VALUE=2097000' '-DHSI_VALUE=16000000' '-DLSI_VALUE=37000' '-DVDD_VALUE=3300' '-DPREFETCH_ENABLE=0' '-DINSTRUCTION_CACHE_ENABLE=1' '-DDATA_CACHE_ENABLE=1' -c -I../Core/Inc -I../Drivers/STM32L0xx_HAL_Driver/Inc -I../Drivers/CMSIS/Device/ST/STM32L0xx/Include -I../Drivers/CMSIS/Include -I../RmDv_Drivers/Inc -O0 -ffunction-sections -fdata-sections -Wall -fstack-usage -MMD -MP -MF"RmDv_Drivers/Src/RmDv_RT606FSK.d" -MT"RmDv_Drivers/Src/RmDv_RT606FSK.o" --specs=nano.specs -mfloat-abi=soft -mthumb -o "RmDv_Drivers/Src/RmDv_RT606FSK.o"
arm-none-eabi-gcc "../RmDv_Drivers/Src/RmDv_TelecoIR.c" -mcpu=cortex-m0plus -std=gnu11 -g3 -DDEBUG -DSTM32L031xx -DUSE_FULL_LL_DRIVER '-DHSE_VALUE=8000000' '-DHSE_STARTUP_TIMEOUT=100' '-DLSE_STARTUP_TIMEOUT=5000' '-DLSE_VALUE=32768' '-DMSI_VALUE=2097000' '-DHSI_VALUE=16000000' '-DLSI_VALUE=37000' '-DVDD_VALUE=3300' '-DPREFETCH_ENABLE=0' '-DINSTRUCTION_CACHE_ENABLE=1' '-DDATA_CACHE_ENABLE=1' -c -I../Core/Inc -I../Drivers/STM32L0xx_HAL_Driver/Inc -I../Drivers/CMSIS/Device/ST/STM32L0xx/Include -I../Drivers/CMSIS/Include -I../RmDv_Drivers/Inc -O0 -ffunction-sections -fdata-sections -Wall -fstack-usage -MMD -MP -MF"RmDv_Drivers/Src/RmDv_TelecoIR.d" -MT"RmDv_Drivers/Src/RmDv_TelecoIR.o" --specs=nano.specs -mfloat-abi=soft -mthumb -o "RmDv_Drivers/Src/RmDv_TelecoIR.o"
arm-none-eabi-gcc "../Drivers/STM32L0xx_HAL_Driver/Src/stm32l0xx_ll_adc.c" -mcpu=cortex-m0plus -std=gnu11 -g3 -DDEBUG -DSTM32L031xx -DUSE_FULL_LL_DRIVER '-DHSE_VALUE=8000000' '-DHSE_STARTUP_TIMEOUT=100' '-DLSE_STARTUP_TIMEOUT=5000' '-DLSE_VALUE=32768' '-DMSI_VALUE=2097000' '-DHSI_VALUE=16000000' '-DLSI_VALUE=37000' '-DVDD_VALUE=3300' '-DPREFETCH_ENABLE=0' '-DINSTRUCTION_CACHE_ENABLE=1' '-DDATA_CACHE_ENABLE=1' -c -I../Core/Inc -I../Drivers/STM32L0xx_HAL_Driver/Inc -I../Drivers/CMSIS/Device/ST/STM32L0xx/Include -I../Drivers/CMSIS/Include -I../RmDv_Drivers/Inc -O0 -ffunction-sections -fdata-sections -Wall -fstack-usage -MMD -MP -MF"Drivers/STM32L0xx_HAL_Driver/Src/stm32l0xx_ll_adc.d" -MT"Drivers/STM32L0xx_HAL_Driver/Src/stm32l0xx_ll_adc.o" --specs=nano.specs -mfloat-abi=soft -mthumb -o "Drivers/STM32L0xx_HAL_Driver/Src/stm32l0xx_ll_adc.o"
arm-none-eabi-gcc "../Drivers/STM32L0xx_HAL_Driver/Src/stm32l0xx_ll_dma.c" -mcpu=cortex-m0plus -std=gnu11 -g3 -DDEBUG -DSTM32L031xx -DUSE_FULL_LL_DRIVER '-DHSE_VALUE=8000000' '-DHSE_STARTUP_TIMEOUT=100' '-DLSE_STARTUP_TIMEOUT=5000' '-DLSE_VALUE=32768' '-DMSI_VALUE=2097000' '-DHSI_VALUE=16000000' '-DLSI_VALUE=37000' '-DVDD_VALUE=3300' '-DPREFETCH_ENABLE=0' '-DINSTRUCTION_CACHE_ENABLE=1' '-DDATA_CACHE_ENABLE=1' -c -I../Core/Inc -I../Drivers/STM32L0xx_HAL_Driver/Inc -I../Drivers/CMSIS/Device/ST/STM32L0xx/Include -I../Drivers/CMSIS/Include -I../RmDv_Drivers/Inc -O0 -ffunction-sections -fdata-sections -Wall -fstack-usage -MMD -MP -MF"Drivers/STM32L0xx_HAL_Driver/Src/stm32l0xx_ll_dma.d" -MT"Drivers/STM32L0xx_HAL_Driver/Src/stm32l0xx_ll_dma.o" --specs=nano.specs -mfloat-abi=soft -mthumb -o "Drivers/STM32L0xx_HAL_Driver/Src/stm32l0xx_ll_dma.o"
arm-none-eabi-gcc "../Drivers/STM32L0xx_HAL_Driver/Src/stm32l0xx_ll_exti.c" -mcpu=cortex-m0plus -std=gnu11 -g3 -DDEBUG -DSTM32L031xx -DUSE_FULL_LL_DRIVER '-DHSE_VALUE=8000000' '-DHSE_STARTUP_TIMEOUT=100' '-DLSE_STARTUP_TIMEOUT=5000' '-DLSE_VALUE=32768' '-DMSI_VALUE=2097000' '-DHSI_VALUE=16000000' '-DLSI_VALUE=37000' '-DVDD_VALUE=3300' '-DPREFETCH_ENABLE=0' '-DINSTRUCTION_CACHE_ENABLE=1' '-DDATA_CACHE_ENABLE=1' -c -I../Core/Inc -I../Drivers/STM32L0xx_HAL_Driver/Inc -I../Drivers/CMSIS/Device/ST/STM32L0xx/Include -I../Drivers/CMSIS/Include -I../RmDv_Drivers/Inc -O0 -ffunction-sections -fdata-sections -Wall -fstack-usage -MMD -MP -MF"Drivers/STM32L0xx_HAL_Driver/Src/stm32l0xx_ll_exti.d" -MT"Drivers/STM32L0xx_HAL_Driver/Src/stm32l0xx_ll_exti.o" --specs=nano.specs -mfloat-abi=soft -mthumb -o "Drivers/STM32L0xx_HAL_Driver/Src/stm32l0xx_ll_exti.o"
arm-none-eabi-gcc "../Drivers/STM32L0xx_HAL_Driver/Src/stm32l0xx_ll_gpio.c" -mcpu=cortex-m0plus -std=gnu11 -g3 -DDEBUG -DSTM32L031xx -DUSE_FULL_LL_DRIVER '-DHSE_VALUE=8000000' '-DHSE_STARTUP_TIMEOUT=100' '-DLSE_STARTUP_TIMEOUT=5000' '-DLSE_VALUE=32768' '-DMSI_VALUE=2097000' '-DHSI_VALUE=16000000' '-DLSI_VALUE=37000' '-DVDD_VALUE=3300' '-DPREFETCH_ENABLE=0' '-DINSTRUCTION_CACHE_ENABLE=1' '-DDATA_CACHE_ENABLE=1' -c -I../Core/Inc -I../Drivers/STM32L0xx_HAL_Driver/Inc -I../Drivers/CMSIS/Device/ST/STM32L0xx/Include -I../Drivers/CMSIS/Include -I../RmDv_Drivers/Inc -O0 -ffunction-sections -fdata-sections -Wall -fstack-usage -MMD -MP -MF"Drivers/STM32L0xx_HAL_Driver/Src/stm32l0xx_ll_gpio.d" -MT"Drivers/STM32L0xx_HAL_Driver/Src/stm32l0xx_ll_gpio.o" --specs=nano.specs -mfloat-abi=soft -mthumb -o "Drivers/STM32L0xx_HAL_Driver/Src/stm32l0xx_ll_gpio.o"
arm-none-eabi-gcc "../Drivers/STM32L0xx_HAL_Driver/Src/stm32l0xx_ll_i2c.c" -mcpu=cortex-m0plus -std=gnu11 -g3 -DDEBUG -DSTM32L031xx -DUSE_FULL_LL_DRIVER '-DHSE_VALUE=8000000' '-DHSE_STARTUP_TIMEOUT=100' '-DLSE_STARTUP_TIMEOUT=5000' '-DLSE_VALUE=32768' '-DMSI_VALUE=2097000' '-DHSI_VALUE=16000000' '-DLSI_VALUE=37000' '-DVDD_VALUE=3300' '-DPREFETCH_ENABLE=0' '-DINSTRUCTION_CACHE_ENABLE=1' '-DDATA_CACHE_ENABLE=1' -c -I../Core/Inc -I../Drivers/STM32L0xx_HAL_Driver/Inc -I../Drivers/CMSIS/Device/ST/STM32L0xx/Include -I../Drivers/CMSIS/Include -I../RmDv_Drivers/Inc -O0 -ffunction-sections -fdata-sections -Wall -fstack-usage -MMD -MP -MF"Drivers/STM32L0xx_HAL_Driver/Src/stm32l0xx_ll_i2c.d" -MT"Drivers/STM32L0xx_HAL_Driver/Src/stm32l0xx_ll_i2c.o" --specs=nano.specs -mfloat-abi=soft -mthumb -o "Drivers/STM32L0xx_HAL_Driver/Src/stm32l0xx_ll_i2c.o"
arm-none-eabi-gcc "../Drivers/STM32L0xx_HAL_Driver/Src/stm32l0xx_ll_pwr.c" -mcpu=cortex-m0plus -std=gnu11 -g3 -DDEBUG -DSTM32L031xx -DUSE_FULL_LL_DRIVER '-DHSE_VALUE=8000000' '-DHSE_STARTUP_TIMEOUT=100' '-DLSE_STARTUP_TIMEOUT=5000' '-DLSE_VALUE=32768' '-DMSI_VALUE=2097000' '-DHSI_VALUE=16000000' '-DLSI_VALUE=37000' '-DVDD_VALUE=3300' '-DPREFETCH_ENABLE=0' '-DINSTRUCTION_CACHE_ENABLE=1' '-DDATA_CACHE_ENABLE=1' -c -I../Core/Inc -I../Drivers/STM32L0xx_HAL_Driver/Inc -I../Drivers/CMSIS/Device/ST/STM32L0xx/Include -I../Drivers/CMSIS/Include -I../RmDv_Drivers/Inc -O0 -ffunction-sections -fdata-sections -Wall -fstack-usage -MMD -MP -MF"Drivers/STM32L0xx_HAL_Driver/Src/stm32l0xx_ll_pwr.d" -MT"Drivers/STM32L0xx_HAL_Driver/Src/stm32l0xx_ll_pwr.o" --specs=nano.specs -mfloat-abi=soft -mthumb -o "Drivers/STM32L0xx_HAL_Driver/Src/stm32l0xx_ll_pwr.o"
arm-none-eabi-gcc "../Drivers/STM32L0xx_HAL_Driver/Src/stm32l0xx_ll_rcc.c" -mcpu=cortex-m0plus -std=gnu11 -g3 -DDEBUG -DSTM32L031xx -DUSE_FULL_LL_DRIVER '-DHSE_VALUE=8000000' '-DHSE_STARTUP_TIMEOUT=100' '-DLSE_STARTUP_TIMEOUT=5000' '-DLSE_VALUE=32768' '-DMSI_VALUE=2097000' '-DHSI_VALUE=16000000' '-DLSI_VALUE=37000' '-DVDD_VALUE=3300' '-DPREFETCH_ENABLE=0' '-DINSTRUCTION_CACHE_ENABLE=1' '-DDATA_CACHE_ENABLE=1' -c -I../Core/Inc -I../Drivers/STM32L0xx_HAL_Driver/Inc -I../Drivers/CMSIS/Device/ST/STM32L0xx/Include -I../Drivers/CMSIS/Include -I../RmDv_Drivers/Inc -O0 -ffunction-sections -fdata-sections -Wall -fstack-usage -MMD -MP -MF"Drivers/STM32L0xx_HAL_Driver/Src/stm32l0xx_ll_rcc.d" -MT"Drivers/STM32L0xx_HAL_Driver/Src/stm32l0xx_ll_rcc.o" --specs=nano.specs -mfloat-abi=soft -mthumb -o "Drivers/STM32L0xx_HAL_Driver/Src/stm32l0xx_ll_rcc.o"
arm-none-eabi-gcc "../Drivers/STM32L0xx_HAL_Driver/Src/stm32l0xx_ll_rtc.c" -mcpu=cortex-m0plus -std=gnu11 -g3 -DDEBUG -DSTM32L031xx -DUSE_FULL_LL_DRIVER '-DHSE_VALUE=8000000' '-DHSE_STARTUP_TIMEOUT=100' '-DLSE_STARTUP_TIMEOUT=5000' '-DLSE_VALUE=32768' '-DMSI_VALUE=2097000' '-DHSI_VALUE=16000000' '-DLSI_VALUE=37000' '-DVDD_VALUE=3300' '-DPREFETCH_ENABLE=0' '-DINSTRUCTION_CACHE_ENABLE=1' '-DDATA_CACHE_ENABLE=1' -c -I../Core/Inc -I../Drivers/STM32L0xx_HAL_Driver/Inc -I../Drivers/CMSIS/Device/ST/STM32L0xx/Include -I../Drivers/CMSIS/Include -I../RmDv_Drivers/Inc -O0 -ffunction-sections -fdata-sections -Wall -fstack-usage -MMD -MP -MF"Drivers/STM32L0xx_HAL_Driver/Src/stm32l0xx_ll_rtc.d" -MT"Drivers/STM32L0xx_HAL_Driver/Src/stm32l0xx_ll_rtc.o" --specs=nano.specs -mfloat-abi=soft -mthumb -o "Drivers/STM32L0xx_HAL_Driver/Src/stm32l0xx_ll_rtc.o"
arm-none-eabi-gcc "../Drivers/STM32L0xx_HAL_Driver/Src/stm32l0xx_ll_tim.c" -mcpu=cortex-m0plus -std=gnu11 -g3 -DDEBUG -DSTM32L031xx -DUSE_FULL_LL_DRIVER '-DHSE_VALUE=8000000' '-DHSE_STARTUP_TIMEOUT=100' '-DLSE_STARTUP_TIMEOUT=5000' '-DLSE_VALUE=32768' '-DMSI_VALUE=2097000' '-DHSI_VALUE=16000000' '-DLSI_VALUE=37000' '-DVDD_VALUE=3300' '-DPREFETCH_ENABLE=0' '-DINSTRUCTION_CACHE_ENABLE=1' '-DDATA_CACHE_ENABLE=1' -c -I../Core/Inc -I../Drivers/STM32L0xx_HAL_Driver/Inc -I../Drivers/CMSIS/Device/ST/STM32L0xx/Include -I../Drivers/CMSIS/Include -I../RmDv_Drivers/Inc -O0 -ffunction-sections -fdata-sections -Wall -fstack-usage -MMD -MP -MF"Drivers/STM32L0xx_HAL_Driver/Src/stm32l0xx_ll_tim.d" -MT"Drivers/STM32L0xx_HAL_Driver/Src/stm32l0xx_ll_tim.o" --specs=nano.specs -mfloat-abi=soft -mthumb -o "Drivers/STM32L0xx_HAL_Driver/Src/stm32l0xx_ll_tim.o"
arm-none-eabi-gcc "../Drivers/STM32L0xx_HAL_Driver/Src/stm32l0xx_ll_usart.c" -mcpu=cortex-m0plus -std=gnu11 -g3 -DDEBUG -DSTM32L031xx -DUSE_FULL_LL_DRIVER '-DHSE_VALUE=8000000' '-DHSE_STARTUP_TIMEOUT=100' '-DLSE_STARTUP_TIMEOUT=5000' '-DLSE_VALUE=32768' '-DMSI_VALUE=2097000' '-DHSI_VALUE=16000000' '-DLSI_VALUE=37000' '-DVDD_VALUE=3300' '-DPREFETCH_ENABLE=0' '-DINSTRUCTION_CACHE_ENABLE=1' '-DDATA_CACHE_ENABLE=1' -c -I../Core/Inc -I../Drivers/STM32L0xx_HAL_Driver/Inc -I../Drivers/CMSIS/Device/ST/STM32L0xx/Include -I../Drivers/CMSIS/Include -I../RmDv_Drivers/Inc -O0 -ffunction-sections -fdata-sections -Wall -fstack-usage -MMD -MP -MF"Drivers/STM32L0xx_HAL_Driver/Src/stm32l0xx_ll_usart.d" -MT"Drivers/STM32L0xx_HAL_Driver/Src/stm32l0xx_ll_usart.o" --specs=nano.specs -mfloat-abi=soft -mthumb -o "Drivers/STM32L0xx_HAL_Driver/Src/stm32l0xx_ll_usart.o"
arm-none-eabi-gcc "../Drivers/STM32L0xx_HAL_Driver/Src/stm32l0xx_ll_utils.c" -mcpu=cortex-m0plus -std=gnu11 -g3 -DDEBUG -DSTM32L031xx -DUSE_FULL_LL_DRIVER '-DHSE_VALUE=8000000' '-DHSE_STARTUP_TIMEOUT=100' '-DLSE_STARTUP_TIMEOUT=5000' '-DLSE_VALUE=32768' '-DMSI_VALUE=2097000' '-DHSI_VALUE=16000000' '-DLSI_VALUE=37000' '-DVDD_VALUE=3300' '-DPREFETCH_ENABLE=0' '-DINSTRUCTION_CACHE_ENABLE=1' '-DDATA_CACHE_ENABLE=1' -c -I../Core/Inc -I../Drivers/STM32L0xx_HAL_Driver/Inc -I../Drivers/CMSIS/Device/ST/STM32L0xx/Include -I../Drivers/CMSIS/Include -I../RmDv_Drivers/Inc -O0 -ffunction-sections -fdata-sections -Wall -fstack-usage -MMD -MP -MF"Drivers/STM32L0xx_HAL_Driver/Src/stm32l0xx_ll_utils.d" -MT"Drivers/STM32L0xx_HAL_Driver/Src/stm32l0xx_ll_utils.o" --specs=nano.specs -mfloat-abi=soft -mthumb -o "Drivers/STM32L0xx_HAL_Driver/Src/stm32l0xx_ll_utils.o"
arm-none-eabi-gcc -mcpu=cortex-m0plus -g3 -c -x assembler-with-cpp -MMD -MP -MF"Core/Startup/startup_stm32l041f6px.d" -MT"Core/Startup/startup_stm32l041f6px.o" --specs=nano.specs -mfloat-abi=soft -mthumb -o "Core/Startup/startup_stm32l041f6px.o" "../Core/Startup/startup_stm32l041f6px.s"
arm-none-eabi-gcc "../Core/Src/main.c" -mcpu=cortex-m0plus -std=gnu11 -g3 -DDEBUG -DSTM32L031xx -DUSE_FULL_LL_DRIVER '-DHSE_VALUE=8000000' '-DHSE_STARTUP_TIMEOUT=100' '-DLSE_STARTUP_TIMEOUT=5000' '-DLSE_VALUE=32768' '-DMSI_VALUE=2097000' '-DHSI_VALUE=16000000' '-DLSI_VALUE=37000' '-DVDD_VALUE=3300' '-DPREFETCH_ENABLE=0' '-DINSTRUCTION_CACHE_ENABLE=1' '-DDATA_CACHE_ENABLE=1' -c -I../Core/Inc -I../Drivers/STM32L0xx_HAL_Driver/Inc -I../Drivers/CMSIS/Device/ST/STM32L0xx/Include -I../Drivers/CMSIS/Include -I../RmDv_Drivers/Inc -O0 -ffunction-sections -fdata-sections -Wall -fstack-usage -MMD -MP -MF"Core/Src/main.d" -MT"Core/Src/main.o" --specs=nano.specs -mfloat-abi=soft -mthumb -o "Core/Src/main.o"
arm-none-eabi-gcc "../Core/Src/stm32l0xx_it.c" -mcpu=cortex-m0plus -std=gnu11 -g3 -DDEBUG -DSTM32L031xx -DUSE_FULL_LL_DRIVER '-DHSE_VALUE=8000000' '-DHSE_STARTUP_TIMEOUT=100' '-DLSE_STARTUP_TIMEOUT=5000' '-DLSE_VALUE=32768' '-DMSI_VALUE=2097000' '-DHSI_VALUE=16000000' '-DLSI_VALUE=37000' '-DVDD_VALUE=3300' '-DPREFETCH_ENABLE=0' '-DINSTRUCTION_CACHE_ENABLE=1' '-DDATA_CACHE_ENABLE=1' -c -I../Core/Inc -I../Drivers/STM32L0xx_HAL_Driver/Inc -I../Drivers/CMSIS/Device/ST/STM32L0xx/Include -I../Drivers/CMSIS/Include -I../RmDv_Drivers/Inc -O0 -ffunction-sections -fdata-sections -Wall -fstack-usage -MMD -MP -MF"Core/Src/stm32l0xx_it.d" -MT"Core/Src/stm32l0xx_it.o" --specs=nano.specs -mfloat-abi=soft -mthumb -o "Core/Src/stm32l0xx_it.o"
arm-none-eabi-gcc "../Core/Src/syscalls.c" -mcpu=cortex-m0plus -std=gnu11 -g3 -DDEBUG -DSTM32L031xx -DUSE_FULL_LL_DRIVER '-DHSE_VALUE=8000000' '-DHSE_STARTUP_TIMEOUT=100' '-DLSE_STARTUP_TIMEOUT=5000' '-DLSE_VALUE=32768' '-DMSI_VALUE=2097000' '-DHSI_VALUE=16000000' '-DLSI_VALUE=37000' '-DVDD_VALUE=3300' '-DPREFETCH_ENABLE=0' '-DINSTRUCTION_CACHE_ENABLE=1' '-DDATA_CACHE_ENABLE=1' -c -I../Core/Inc -I../Drivers/STM32L0xx_HAL_Driver/Inc -I../Drivers/CMSIS/Device/ST/STM32L0xx/Include -I../Drivers/CMSIS/Include -I../RmDv_Drivers/Inc -O0 -ffunction-sections -fdata-sections -Wall -fstack-usage -MMD -MP -MF"Core/Src/syscalls.d" -MT"Core/Src/syscalls.o" --specs=nano.specs -mfloat-abi=soft -mthumb -o "Core/Src/syscalls.o"
arm-none-eabi-gcc "../Core/Src/sysmem.c" -mcpu=cortex-m0plus -std=gnu11 -g3 -DDEBUG -DSTM32L031xx -DUSE_FULL_LL_DRIVER '-DHSE_VALUE=8000000' '-DHSE_STARTUP_TIMEOUT=100' '-DLSE_STARTUP_TIMEOUT=5000' '-DLSE_VALUE=32768' '-DMSI_VALUE=2097000' '-DHSI_VALUE=16000000' '-DLSI_VALUE=37000' '-DVDD_VALUE=3300' '-DPREFETCH_ENABLE=0' '-DINSTRUCTION_CACHE_ENABLE=1' '-DDATA_CACHE_ENABLE=1' -c -I../Core/Inc -I../Drivers/STM32L0xx_HAL_Driver/Inc -I../Drivers/CMSIS/Device/ST/STM32L0xx/Include -I../Drivers/CMSIS/Include -I../RmDv_Drivers/Inc -O0 -ffunction-sections -fdata-sections -Wall -fstack-usage -MMD -MP -MF"Core/Src/sysmem.d" -MT"Core/Src/sysmem.o" --specs=nano.specs -mfloat-abi=soft -mthumb -o "Core/Src/sysmem.o"
arm-none-eabi-gcc "../Core/Src/system_stm32l0xx.c" -mcpu=cortex-m0plus -std=gnu11 -g3 -DDEBUG -DSTM32L031xx -DUSE_FULL_LL_DRIVER '-DHSE_VALUE=8000000' '-DHSE_STARTUP_TIMEOUT=100' '-DLSE_STARTUP_TIMEOUT=5000' '-DLSE_VALUE=32768' '-DMSI_VALUE=2097000' '-DHSI_VALUE=16000000' '-DLSI_VALUE=37000' '-DVDD_VALUE=3300' '-DPREFETCH_ENABLE=0' '-DINSTRUCTION_CACHE_ENABLE=1' '-DDATA_CACHE_ENABLE=1' -c -I../Core/Inc -I../Drivers/STM32L0xx_HAL_Driver/Inc -I../Drivers/CMSIS/Device/ST/STM32L0xx/Include -I../Drivers/CMSIS/Include -I../RmDv_Drivers/Inc -O0 -ffunction-sections -fdata-sections -Wall -fstack-usage -MMD -MP -MF"Core/Src/system_stm32l0xx.d" -MT"Core/Src/system_stm32l0xx.o" --specs=nano.specs -mfloat-abi=soft -mthumb -o "Core/Src/system_stm32l0xx.o"
arm-none-eabi-gcc -o "RemoteDevice_L031.elf" @"objects.list"   -mcpu=cortex-m0plus -T"C:\Users\trocache\Documents\Thierry\2013_2016\Projets_perso\2022_AutoConsoPerso\PVLoadsManagementSyst\RemoteDevice\Dev_Soft_RemoteDevice_L031\STM32L031F6PX_FLASH.ld" --specs=nosys.specs -Wl,-Map="RemoteDevice_L031.map" -Wl,--gc-sections -static --specs=nano.specs -mfloat-abi=soft -mthumb -Wl,--start-group -lc -lm -Wl,--end-group
Finished building target: RemoteDevice_L031.elf
 
arm-none-eabi-size   RemoteDevice_L031.elf 
arm-none-eabi-objdump -h -S  RemoteDevice_L031.elf  > "RemoteDevice_L031.list"
arm-none-eabi-objcopy  -O binary  RemoteDevice_L031.elf  "RemoteDevice_L031.bin"
   text	   data	    bss	    dec	    hex	filename
   9020	     12	   1732	  10764	   2a0c	RemoteDevice_L031.elf
Finished building: default.size.stdout
 
Finished building: RemoteDevice_L031.list
Finished building: RemoteDevice_L031.bin
 
 
